[1.964s] Invoking command in '/home/mbot/DAV2-MBot-Nav/ros2_ws/build/dav2_nav': DEBUGINFOD_URLS=https://debuginfod.ubuntu.com PYTHONPATH=/home/mbot/DAV2-MBot-Nav/ros2_ws/build/dav2_nav/prefix_override:/usr/lib/python3/dist-packages/colcon_core/task/python/colcon_distutils_commands:/home/mbot/DAV2-MBot-Nav/ros2_ws/install/dav2_nav/lib/python3.12/site-packages:${PYTHONPATH} /usr/bin/python3 -W ignore:setup.py install is deprecated -W ignore:easy_install command is deprecated setup.py develop --editable --build-directory /home/mbot/DAV2-MBot-Nav/ros2_ws/build/dav2_nav/build --no-deps symlink_data --force
[2.431s] running develop
[2.719s] running egg_info
[2.745s] writing dav2_nav.egg-info/PKG-INFO
[2.746s] writing dependency_links to dav2_nav.egg-info/dependency_links.txt
[2.748s] writing entry points to dav2_nav.egg-info/entry_points.txt
[2.750s] writing requirements to dav2_nav.egg-info/requires.txt
[2.751s] writing top-level names to dav2_nav.egg-info/top_level.txt
[2.809s] reading manifest file 'dav2_nav.egg-info/SOURCES.txt'
[2.811s] writing manifest file 'dav2_nav.egg-info/SOURCES.txt'
[2.841s] running build_ext
[2.843s] Creating /home/mbot/DAV2-MBot-Nav/ros2_ws/install/dav2_nav/lib/python3.12/site-packages/dav2-nav.egg-link (link to .)
[2.843s] Installing controller_node script to /home/mbot/DAV2-MBot-Nav/ros2_ws/install/dav2_nav/lib/dav2_nav
[2.844s] Installing dav2_node script to /home/mbot/DAV2-MBot-Nav/ros2_ws/install/dav2_nav/lib/dav2_nav
[2.844s] Installing nav_node script to /home/mbot/DAV2-MBot-Nav/ros2_ws/install/dav2_nav/lib/dav2_nav
[2.844s] 
[2.844s] Installed /home/mbot/DAV2-MBot-Nav/ros2_ws/build/dav2_nav
[2.844s] running symlink_data
[2.845s] symbolically linking /home/mbot/DAV2-MBot-Nav/ros2_ws/build/dav2_nav/resource/dav2_nav -> /home/mbot/DAV2-MBot-Nav/ros2_ws/install/dav2_nav/share/ament_index/resource_index/packages
[2.845s] symbolically linking /home/mbot/DAV2-MBot-Nav/ros2_ws/build/dav2_nav/package.xml -> /home/mbot/DAV2-MBot-Nav/ros2_ws/install/dav2_nav/share/dav2_nav
[2.845s] symbolically linking /home/mbot/DAV2-MBot-Nav/ros2_ws/build/dav2_nav/launch/pipeline.launch.py -> /home/mbot/DAV2-MBot-Nav/ros2_ws/install/dav2_nav/share/dav2_nav/launch
[2.845s] symbolically linking /home/mbot/DAV2-MBot-Nav/ros2_ws/build/dav2_nav/config/nav_params.yaml -> /home/mbot/DAV2-MBot-Nav/ros2_ws/install/dav2_nav/share/dav2_nav/config
[2.938s] Invoked command in '/home/mbot/DAV2-MBot-Nav/ros2_ws/build/dav2_nav' returned '0': DEBUGINFOD_URLS=https://debuginfod.ubuntu.com PYTHONPATH=/home/mbot/DAV2-MBot-Nav/ros2_ws/build/dav2_nav/prefix_override:/usr/lib/python3/dist-packages/colcon_core/task/python/colcon_distutils_commands:/home/mbot/DAV2-MBot-Nav/ros2_ws/install/dav2_nav/lib/python3.12/site-packages:${PYTHONPATH} /usr/bin/python3 -W ignore:setup.py install is deprecated -W ignore:easy_install command is deprecated setup.py develop --editable --build-directory /home/mbot/DAV2-MBot-Nav/ros2_ws/build/dav2_nav/build --no-deps symlink_data --force
