[1.582s] Invoking command in '/home/mbot/DAV2-MBot-Nav/ros2_ws/src/dav2_nav': DEBUGINFOD_URLS=https://debuginfod.ubuntu.com PYTHONPATH=/home/mbot/DAV2-MBot-Nav/ros2_ws/build/dav2_nav/prefix_override:/usr/lib/python3/dist-packages/colcon_core/task/python/colcon_distutils_commands:/home/mbot/DAV2-MBot-Nav/ros2_ws/install/dav2_nav/lib/python3.12/site-packages:${PYTHONPATH} /usr/bin/python3 -W ignore:setup.py install is deprecated -W ignore:easy_install command is deprecated setup.py egg_info --egg-base ../../build/dav2_nav build --build-base /home/mbot/DAV2-MBot-Nav/ros2_ws/build/dav2_nav/build install --record /home/mbot/DAV2-MBot-Nav/ros2_ws/build/dav2_nav/install.log --single-version-externally-managed install_data
[1.967s] running egg_info
[1.967s] creating ../../build/dav2_nav/dav2_nav.egg-info
[1.993s] writing ../../build/dav2_nav/dav2_nav.egg-info/PKG-INFO
[1.994s] writing dependency_links to ../../build/dav2_nav/dav2_nav.egg-info/dependency_links.txt
[1.994s] writing entry points to ../../build/dav2_nav/dav2_nav.egg-info/entry_points.txt
[1.994s] writing requirements to ../../build/dav2_nav/dav2_nav.egg-info/requires.txt
[1.994s] writing top-level names to ../../build/dav2_nav/dav2_nav.egg-info/top_level.txt
[1.994s] writing manifest file '../../build/dav2_nav/dav2_nav.egg-info/SOURCES.txt'
[2.049s] reading manifest file '../../build/dav2_nav/dav2_nav.egg-info/SOURCES.txt'
[2.049s] writing manifest file '../../build/dav2_nav/dav2_nav.egg-info/SOURCES.txt'
[2.050s] running build
[2.050s] running build_py
[2.050s] creating /home/mbot/DAV2-MBot-Nav/ros2_ws/build/dav2_nav/build
[2.050s] creating /home/mbot/DAV2-MBot-Nav/ros2_ws/build/dav2_nav/build/lib
[2.050s] creating /home/mbot/DAV2-MBot-Nav/ros2_ws/build/dav2_nav/build/lib/dav2_nav
[2.050s] copying dav2_nav/nav_node.py -> /home/mbot/DAV2-MBot-Nav/ros2_ws/build/dav2_nav/build/lib/dav2_nav
[2.050s] copying dav2_nav/dav2_node.py -> /home/mbot/DAV2-MBot-Nav/ros2_ws/build/dav2_nav/build/lib/dav2_nav
[2.051s] copying dav2_nav/__init__.py -> /home/mbot/DAV2-MBot-Nav/ros2_ws/build/dav2_nav/build/lib/dav2_nav
[2.051s] copying dav2_nav/controller_node.py -> /home/mbot/DAV2-MBot-Nav/ros2_ws/build/dav2_nav/build/lib/dav2_nav
[2.051s] running install
[2.060s] running install_lib
[2.088s] creating /home/mbot/DAV2-MBot-Nav/ros2_ws/install/dav2_nav/lib/python3.12/site-packages/dav2_nav
[2.088s] copying /home/mbot/DAV2-MBot-Nav/ros2_ws/build/dav2_nav/build/lib/dav2_nav/nav_node.py -> /home/mbot/DAV2-MBot-Nav/ros2_ws/install/dav2_nav/lib/python3.12/site-packages/dav2_nav
[2.088s] copying /home/mbot/DAV2-MBot-Nav/ros2_ws/build/dav2_nav/build/lib/dav2_nav/dav2_node.py -> /home/mbot/DAV2-MBot-Nav/ros2_ws/install/dav2_nav/lib/python3.12/site-packages/dav2_nav
[2.088s] copying /home/mbot/DAV2-MBot-Nav/ros2_ws/build/dav2_nav/build/lib/dav2_nav/__init__.py -> /home/mbot/DAV2-MBot-Nav/ros2_ws/install/dav2_nav/lib/python3.12/site-packages/dav2_nav
[2.088s] copying /home/mbot/DAV2-MBot-Nav/ros2_ws/build/dav2_nav/build/lib/dav2_nav/controller_node.py -> /home/mbot/DAV2-MBot-Nav/ros2_ws/install/dav2_nav/lib/python3.12/site-packages/dav2_nav
[2.089s] byte-compiling /home/mbot/DAV2-MBot-Nav/ros2_ws/install/dav2_nav/lib/python3.12/site-packages/dav2_nav/nav_node.py to nav_node.cpython-312.pyc
[2.091s] byte-compiling /home/mbot/DAV2-MBot-Nav/ros2_ws/install/dav2_nav/lib/python3.12/site-packages/dav2_nav/dav2_node.py to dav2_node.cpython-312.pyc
[2.093s] byte-compiling /home/mbot/DAV2-MBot-Nav/ros2_ws/install/dav2_nav/lib/python3.12/site-packages/dav2_nav/__init__.py to __init__.cpython-312.pyc
[2.093s] byte-compiling /home/mbot/DAV2-MBot-Nav/ros2_ws/install/dav2_nav/lib/python3.12/site-packages/dav2_nav/controller_node.py to controller_node.cpython-312.pyc
[2.094s] running install_data
[2.094s] creating /home/mbot/DAV2-MBot-Nav/ros2_ws/install/dav2_nav/share/ament_index
[2.094s] creating /home/mbot/DAV2-MBot-Nav/ros2_ws/install/dav2_nav/share/ament_index/resource_index
[2.094s] creating /home/mbot/DAV2-MBot-Nav/ros2_ws/install/dav2_nav/share/ament_index/resource_index/packages
[2.094s] copying resource/dav2_nav -> /home/mbot/DAV2-MBot-Nav/ros2_ws/install/dav2_nav/share/ament_index/resource_index/packages
[2.094s] copying package.xml -> /home/mbot/DAV2-MBot-Nav/ros2_ws/install/dav2_nav/share/dav2_nav
[2.094s] creating /home/mbot/DAV2-MBot-Nav/ros2_ws/install/dav2_nav/share/dav2_nav/launch
[2.095s] copying launch/pipeline.launch.py -> /home/mbot/DAV2-MBot-Nav/ros2_ws/install/dav2_nav/share/dav2_nav/launch
[2.095s] creating /home/mbot/DAV2-MBot-Nav/ros2_ws/install/dav2_nav/share/dav2_nav/config
[2.095s] copying config/nav_params.yaml -> /home/mbot/DAV2-MBot-Nav/ros2_ws/install/dav2_nav/share/dav2_nav/config
[2.095s] running install_egg_info
[2.125s] Copying ../../build/dav2_nav/dav2_nav.egg-info to /home/mbot/DAV2-MBot-Nav/ros2_ws/install/dav2_nav/lib/python3.12/site-packages/dav2_nav-0.0.1-py3.12.egg-info
[2.126s] running install_scripts
[2.316s] Installing controller_node script to /home/mbot/DAV2-MBot-Nav/ros2_ws/install/dav2_nav/lib/dav2_nav
[2.317s] Installing dav2_node script to /home/mbot/DAV2-MBot-Nav/ros2_ws/install/dav2_nav/lib/dav2_nav
[2.317s] Installing nav_node script to /home/mbot/DAV2-MBot-Nav/ros2_ws/install/dav2_nav/lib/dav2_nav
[2.317s] writing list of installed files to '/home/mbot/DAV2-MBot-Nav/ros2_ws/build/dav2_nav/install.log'
[2.393s] Invoked command in '/home/mbot/DAV2-MBot-Nav/ros2_ws/src/dav2_nav' returned '0': DEBUGINFOD_URLS=https://debuginfod.ubuntu.com PYTHONPATH=/home/mbot/DAV2-MBot-Nav/ros2_ws/build/dav2_nav/prefix_override:/usr/lib/python3/dist-packages/colcon_core/task/python/colcon_distutils_commands:/home/mbot/DAV2-MBot-Nav/ros2_ws/install/dav2_nav/lib/python3.12/site-packages:${PYTHONPATH} /usr/bin/python3 -W ignore:setup.py install is deprecated -W ignore:easy_install command is deprecated setup.py egg_info --egg-base ../../build/dav2_nav build --build-base /home/mbot/DAV2-MBot-Nav/ros2_ws/build/dav2_nav/build install --record /home/mbot/DAV2-MBot-Nav/ros2_ws/build/dav2_nav/install.log --single-version-externally-managed install_data
